"C:\Documents and Settings\Yusuf\Desktop\Fresh Start\Copy of hp-adaptive\CheckMate\Win32\FEM.obj"
"C:\Documents and Settings\Yusuf\Desktop\Fresh Start\Copy of hp-adaptive\CheckMate\Win32\matrix.obj"
"C:\Documents and Settings\Yusuf\Desktop\Fresh Start\Copy of hp-adaptive\CheckMate\Win32\gaussian_elimination.obj"
"C:\Documents and Settings\Yusuf\Desktop\Fresh Start\Copy of hp-adaptive\CheckMate\Win32\hadapt.obj"
"C:\Documents and Settings\Yusuf\Desktop\Fresh Start\Copy of hp-adaptive\CheckMate\Win32\l2_norm.obj"
"C:\Documents and Settings\Yusuf\Desktop\Fresh Start\Copy of hp-adaptive\CheckMate\Win32\loca_error_indicator.obj"
"C:\Documents and Settings\Yusuf\Desktop\Fresh Start\Copy of hp-adaptive\CheckMate\Win32\smoothnessparam.obj"
"C:\Documents and Settings\Yusuf\Desktop\Fresh Start\Copy of hp-adaptive\CheckMate\Win32\h1_norm.obj"
"C:\Documents and Settings\Yusuf\Desktop\Fresh Start\Copy of hp-adaptive\CheckMate\Win32\solve.obj"
"C:\Documents and Settings\Yusuf\Desktop\Fresh Start\Copy of hp-adaptive\CheckMate\Win32\CGsolver.obj"
"C:\Documents and Settings\Yusuf\Desktop\Fresh Start\Copy of hp-adaptive\CheckMate\Win32\ref_vec_sort.obj"
"C:\Documents and Settings\Yusuf\Desktop\Fresh Start\Copy of hp-adaptive\CheckMate\Win32\meshrefiner.obj"
"C:\Documents and Settings\Yusuf\Desktop\Fresh Start\Copy of hp-adaptive\CheckMate\Win32\cal_basis.obj"
"C:\Documents and Settings\Yusuf\Desktop\Fresh Start\Copy of hp-adaptive\CheckMate\Win32\refinement_vector.obj"
"C:\Documents and Settings\Yusuf\Desktop\Fresh Start\Copy of hp-adaptive\CheckMate\Win32\hpsteer.obj"
"C:\Documents and Settings\Yusuf\Desktop\Fresh Start\Copy of hp-adaptive\CheckMate\Win32\newton.obj"
"C:\Documents and Settings\Yusuf\Desktop\Fresh Start\Copy of hp-adaptive\CheckMate\Win32\globalresidual.obj"
"C:\Documents and Settings\Yusuf\Desktop\Fresh Start\Copy of hp-adaptive\CheckMate\Win32\quadrature.obj"
"C:\Documents and Settings\Yusuf\Desktop\Fresh Start\Copy of hp-adaptive\CheckMate\Win32\lpdash.obj"
"C:\Documents and Settings\Yusuf\Desktop\Fresh Start\Copy of hp-adaptive\CheckMate\Win32\lp.obj"
"C:\Documents and Settings\Yusuf\Desktop\Fresh Start\Copy of hp-adaptive\CheckMate\Win32\sort.obj"
"C:\Documents and Settings\Yusuf\Desktop\Fresh Start\Copy of hp-adaptive\CheckMate\Win32\dofstart.obj"
"C:\Documents and Settings\Yusuf\Desktop\Fresh Start\Copy of hp-adaptive\CheckMate\Win32\round.obj"
"C:\Documents and Settings\Yusuf\Desktop\Fresh Start\Copy of hp-adaptive\CheckMate\Win32\fullh1_norm.obj"
"C:\Documents and Settings\Yusuf\Desktop\Fresh Start\Copy of hp-adaptive\CheckMate\Win32\swap.obj"
"C:\Documents and Settings\Yusuf\Desktop\Fresh Start\Copy of hp-adaptive\CheckMate\Win32\integer_swap.obj"
